
ΓöîΓöÇΓöÇΓöÇΓöÇΓöÇΓöÇΓöÇΓöÇΓöÇΓöÇΓöÇΓöÇΓöÇΓöÇΓöÇΓöÇΓöÇΓöÇΓöÇΓöÇΓöÇΓöÇΓöÇΓöÇΓöÇΓöÇΓöÇΓöÇΓöÇΓöÉ
Γöé OpenNext ΓÇö Cloudflare build Γöé
ΓööΓöÇΓöÇΓöÇΓöÇΓöÇΓöÇΓöÇΓöÇΓöÇΓöÇΓöÇΓöÇΓöÇΓöÇΓöÇΓöÇΓöÇΓöÇΓöÇΓöÇΓöÇΓöÇΓöÇΓöÇΓöÇΓöÇΓöÇΓöÇΓöÇΓöÿ

node.exe : WARN OpenNext is not fully compatible with Windows.
At C:\Program Files\nodejs\npx.ps1:29 char:3
+   & $NODE_EXE $NPX_CLI_JS $args
+   ~~~~~~~~~~~~~~~~~~~~~~~~~~~~~
    + CategoryInfo          : NotSpecified: (WARN OpenNext i...e with Windows. 
   :String) [], RemoteException
    + FullyQualifiedErrorId : NativeCommandError
 
WARN For optimal performance, it is recommended to use Windows Subsystem for 
Linux (WSL).
WARN While OpenNext may function on Windows, it could encounter unpredictable 
failures during runtime.
App directory: C:\Users\alexx\Desktop\Projects\AKADEMO
Next.js version : 14.2.35
@opennextjs/cloudflare version: 1.14.0
@opennextjs/aws version: 3.9.0

ΓöîΓöÇΓöÇΓöÇΓöÇΓöÇΓöÇΓöÇΓöÇΓöÇΓöÇΓöÇΓöÇΓöÇΓöÇΓöÇΓöÇΓöÇΓöÇΓöÇΓöÇΓöÇΓöÇΓöÇΓöÇΓöÇΓöÇΓöÇΓöÇΓöÇΓöÇΓöÇΓöÇΓöÇΓöÉ
Γöé OpenNext ΓÇö Building Next.js app Γöé
ΓööΓöÇΓöÇΓöÇΓöÇΓöÇΓöÇΓöÇΓöÇΓöÇΓöÇΓöÇΓöÇΓöÇΓöÇΓöÇΓöÇΓöÇΓöÇΓöÇΓöÇΓöÇΓöÇΓöÇΓöÇΓöÇΓöÇΓöÇΓöÇΓöÇΓöÇΓöÇΓöÇΓöÇΓöÿ


> akademo@0.1.0 build
> next build

  Γû▓ Next.js 14.2.35
  - Environments: .env

   Creating an optimized production build ...
 ΓÜá Found lockfile missing swc dependencies, patching...
 Γ¿» Failed to patch lockfile, please try uninstalling and reinstalling next 
in this workspace
TypeError: Cannot read properties of undefined (reading 'os')
    at fetchPkgInfo (C:\Users\alexx\Desktop\Projects\AKADEMO\node_modules\next\
dist\lib\patch-incorrect-lockfile.js:73:25)
    at process.processTicksAndRejections 
(node:internal/process/task_queues:105:5)
    at async Promise.all (index 0)
    at async patchIncorrectLockfile (C:\Users\alexx\Desktop\Projects\AKADEMO\no
de_modules\next\dist\lib\patch-incorrect-lockfile.js:162:26)
[baseline-browser-mapping] The data in this module is over two months old.  To 
ensure accurate Baseline data, please update: `npm i 
baseline-browser-mapping@latest -D`
(node:53688) ExperimentalWarning: Type Stripping is an experimental feature 
and might change at any time
(Use `node --trace-warnings ...` to show where the warning was created)
 Γ£ô Compiled successfully
   Skipping linting
   Checking validity of types ...
   Collecting page data ...
   Generating static pages (0/64) ...
   Generating static pages (16/64) 
   Generating static pages (32/64) 
   Generating static pages (48/64) 
 Γ£ô Generating static pages (64/64)
   Finalizing page optimization ...
   Collecting build traces ...

Route (app)                                         Size     First Load JS
Γöî Γùï /                                               13.6 kB         428 kB
Γö£ Γùï /_not-found                                     880 B          88.5 kB
Γö£ ╞Æ /api/documents/[...path]                        0 B                0 B
Γö£ Γùï /api/gtm/oauth/callback                         853 B           416 kB
Γö£ ╞Æ /api/join/[teacherId]                           0 B                0 B
Γö£ ╞Æ /api/storage/serve/[...path]                    0 B                0 B
Γö£ ╞Æ /api/webhooks/zoom                              0 B                0 B
Γö£ Γùï /api/zoom/oauth/callback                        839 B           416 kB
Γö£ Γùï /dashboard/academy                              270 B           465 kB
Γö£ Γùï /dashboard/academy/assignments                  272 B           465 kB
Γö£ Γùï /dashboard/academy/calendar                     268 B           415 kB
Γö£ Γùï /dashboard/academy/feedback                     271 B           465 kB
Γö£ Γùï /dashboard/academy/grades                       270 B           465 kB
Γö£ Γùï /dashboard/academy/lessons                      2.42 kB         417 kB
Γö£ ╞Æ /dashboard/academy/live/[streamId]              2.4 kB          417 kB
Γö£ Γùï /dashboard/academy/payments                     271 B           465 kB
Γö£ Γùï /dashboard/academy/profile                      13.5 kB         428 kB
Γö£ Γùï /dashboard/academy/reports                      273 B           465 kB
Γö£ Γùï /dashboard/academy/streams                      272 B           465 kB
Γö£ Γùï /dashboard/academy/students                     270 B           465 kB
Γö£ ╞Æ /dashboard/academy/subject/[id]                 279 B           619 kB
Γö£ Γùï /dashboard/academy/subjects                     270 B           465 kB
Γö£ Γùï /dashboard/academy/teachers                     270 B           465 kB
Γö£ Γùï /dashboard/admin                                271 B           465 kB
Γö£ Γùï /dashboard/admin/academies                      3.59 kB         418 kB
Γö£ Γùï /dashboard/admin/accounts                       2.9 kB          418 kB
Γö£ Γùï /dashboard/admin/assignments                    272 B           465 kB
Γö£ Γùï /dashboard/admin/calendar                       267 B           415 kB
Γö£ Γùï /dashboard/admin/facturas                       2.05 kB         417 kB
Γö£ Γùï /dashboard/admin/feedback                       270 B           465 kB
Γö£ Γùï /dashboard/admin/grades                         269 B           465 kB
Γö£ Γùï /dashboard/admin/leads                          2.86 kB         418 kB
Γö£ Γùï /dashboard/admin/pagos                          270 B           465 kB
Γö£ Γùï /dashboard/admin/reports                        273 B           465 kB
Γö£ Γùï /dashboard/admin/revenue                        971 B          88.6 kB
Γö£ Γùï /dashboard/admin/settings                       486 B          88.1 kB
Γö£ Γùï /dashboard/admin/streams                        270 B           465 kB
Γö£ Γùï /dashboard/admin/students                       269 B           465 kB
Γö£ ╞Æ /dashboard/admin/subject/[id]                   277 B           619 kB
Γö£ Γùï /dashboard/admin/subjects                       269 B           465 kB
Γö£ Γùï /dashboard/admin/teachers                       271 B           465 kB
Γö£ Γùï /dashboard/student                              406 B           415 kB
Γö£ Γùï /dashboard/student/assignments                  4.57 kB         419 kB
Γö£ Γùï /dashboard/student/calendar                     268 B           415 kB
Γö£ Γùï /dashboard/student/enrolled-academies/subjects  2.01 kB         417 kB
Γö£ Γùï /dashboard/student/explore                      1.39 kB         416 kB
Γö£ ╞Æ /dashboard/student/explore/[academyId]          2.1 kB          417 kB
Γö£ Γùï /dashboard/student/lessons                      1.5 kB          416 kB
Γö£ Γùï /dashboard/student/live                         1.27 kB         416 kB
Γö£ ╞Æ /dashboard/student/live/[streamId]              2.94 kB         418 kB
Γö£ Γùï /dashboard/student/pagos                        2.25 kB         417 kB
Γö£ Γùï /dashboard/student/profile                      2 kB            417 kB
Γö£ Γùï /dashboard/student/quizzes                      916 B          88.5 kB
Γö£ ╞Æ /dashboard/student/subject/[id]                 7.09 kB         611 kB
Γö£ Γùï /dashboard/student/subjects                     9.36 kB         424 kB
Γö£ Γùï /dashboard/teacher                              5.35 kB         420 kB
Γö£ ╞Æ /dashboard/teacher/academy/[id]                 2.13 kB         417 kB
Γö£ Γùï /dashboard/teacher/assignments                  273 B           465 kB
Γö£ Γùï /dashboard/teacher/calendar                     267 B           415 kB
Γö£ Γùï /dashboard/teacher/feedback                     272 B           465 kB
Γö£ Γùï /dashboard/teacher/grades                       271 B           465 kB
Γö£ Γùï /dashboard/teacher/grading                      1.15 kB         416 kB
Γö£ ╞Æ /dashboard/teacher/live/[streamId]              2.8 kB          418 kB
Γö£ Γùï /dashboard/teacher/profile                      2.08 kB         417 kB
Γö£ Γùï /dashboard/teacher/progress                     271 B           465 kB
Γö£ Γùï /dashboard/teacher/reports                      273 B           465 kB
Γö£ Γùï /dashboard/teacher/streams                      273 B           465 kB
Γö£ Γùï /dashboard/teacher/students                     272 B           465 kB
Γö£ ╞Æ /dashboard/teacher/subject/[id]                 278 B           619 kB
Γö£ Γùï /dashboard/teacher/subjects                     268 B           415 kB
Γö£ ╞Æ /join/[teacherId]                               3.76 kB         419 kB
Γö£ ╞Æ /join/academy/[academyId]                       3.62 kB         418 kB
Γö£ Γùï /pricing                                        5.15 kB         420 kB
Γö£ Γùï /privacidad                                     141 B           415 kB
Γö£ Γùï /terminos                                       141 B           415 kB
Γöö Γùï /verify-email                                   2.48 kB         417 kB
+ First Load JS shared by all                       87.6 kB
  Γö£ chunks/2117-a79fa94e80df14b3.js                 31.9 kB
  Γö£ chunks/79f59658-4b2c162be354d013.js             53.6 kB
  Γöö other shared chunks (total)                     2.04 kB


╞Æ Middleware                                        26.9 kB

Γùï  (Static)   prerendered as static content
╞Æ  (Dynamic)  server-rendered on demand


ΓöîΓöÇΓöÇΓöÇΓöÇΓöÇΓöÇΓöÇΓöÇΓöÇΓöÇΓöÇΓöÇΓöÇΓöÇΓöÇΓöÇΓöÇΓöÇΓöÇΓöÇΓöÇΓöÇΓöÇΓöÇΓöÇΓöÇΓöÇΓöÇΓöÇΓöÇΓöÉ
Γöé OpenNext ΓÇö Generating bundle Γöé
ΓööΓöÇΓöÇΓöÇΓöÇΓöÇΓöÇΓöÇΓöÇΓöÇΓöÇΓöÇΓöÇΓöÇΓöÇΓöÇΓöÇΓöÇΓöÇΓöÇΓöÇΓöÇΓöÇΓöÇΓöÇΓöÇΓöÇΓöÇΓöÇΓöÇΓöÇΓöÿ

Bundling middleware function...
Bundling static assets...
Bundling cache assets...
Building server function: default...
Applying code patches: 4.214s
# copyPackageTemplateFiles
[35mΓÜÖ∩╕Å Bundling the OpenNext server...
[0m
[35mWorker saved in `.open-next\worker.js` ≡ƒÜÇ
[0m
OpenNext build complete.
BUILD_SUCCESS
BUILD_FAILED
